// Jest Snapshot v1, https://goo.gl/fbAQLP

exports[`should render expense summary correclty 1`] = `
<div>
  Viewing 
  10
   
  expenses
   totalling 
  $15.00
</div>
`;
