// Jest Snapshot v1, https://goo.gl/fbAQLP

exports[`should generate an expense list item component 1`] = `
<div>
  <Link
    to="/edit/1"
  >
    <h3>
      Gum
    </h3>
  </Link>
  <p>
    $0.19
    January 1st, 1970
  </p>
</div>
`;
